2026-03-24 18:40:30 [main] DEBUG org.example.service.TaskService - Intentando crear tarea con título: Estudiar
2026-03-24 18:40:30 [main] INFO  org.example.service.TaskService - Tarea creada correctamente con ID: 1
2026-03-24 18:40:30 [main] DEBUG org.example.service.TaskService - Lista de tareas. Cantidad actual: 1
2026-03-24 18:40:30 [main] DEBUG org.example.service.TaskService - Lista de tareas. Cantidad actual: 1
2026-03-24 18:40:30 [main] DEBUG org.example.service.TaskService - Intentando completar tarea con ID: 50
2026-03-24 18:40:30 [main] DEBUG org.example.service.TaskService - Buscando tarea con ID: 50
2026-03-24 18:40:30 [main] ERROR org.example.service.TaskService - No existe la tarea con ID: 50
2026-03-24 18:40:30 [main] DEBUG org.example.service.TaskService - Intentando crear tarea con título: Comprar
2026-03-24 18:40:30 [main] INFO  org.example.service.TaskService - Tarea creada correctamente con ID: 1
2026-03-24 18:40:30 [main] DEBUG org.example.service.TaskService - Lista de tareas. Cantidad actual: 1
2026-03-24 18:40:30 [main] DEBUG org.example.service.TaskService - Intentando crear tarea con título: Leer
2026-03-24 18:40:30 [main] INFO  org.example.service.TaskService - Tarea creada correctamente con ID: 1
2026-03-24 18:40:30 [main] DEBUG org.example.service.TaskService - Lista de tareas. Cantidad actual: 1
2026-03-24 18:40:30 [main] DEBUG org.example.service.TaskService - Intentando completar tarea con ID: 0
2026-03-24 18:40:30 [main] DEBUG org.example.service.TaskService - Buscando tarea con ID: 0
2026-03-24 18:40:30 [main] ERROR org.example.service.TaskService - No existe la tarea con ID: 0
2026-03-24 18:40:30 [main] DEBUG org.example.service.TaskService - Intentando crear tarea con título: Hacer ejercicio
2026-03-24 18:40:30 [main] INFO  org.example.service.TaskService - Tarea creada correctamente con ID: 1
2026-03-24 18:40:30 [main] DEBUG org.example.service.TaskService - Intentando completar tarea con ID: 1
2026-03-24 18:40:30 [main] DEBUG org.example.service.TaskService - Buscando tarea con ID: 1
2026-03-24 18:40:30 [main] INFO  org.example.service.TaskService - Tarea marcada como completada. ID: 1
2026-03-24 18:40:30 [main] DEBUG org.example.service.TaskService - Buscando tarea con ID: 1
2026-03-24 18:40:30 [main] DEBUG org.example.service.TaskService - Intentando crear tarea con título: 
2026-03-24 18:40:30 [main] WARN  org.example.service.TaskService - No se pudo crear la tarea porque el título está vacío.
2026-03-24 18:40:30 [main] DEBUG org.example.service.TaskService - Lista de tareas. Cantidad actual: 0
2026-03-24 18:40:30 [main] DEBUG org.example.service.TaskService - Intentando completar tarea con ID: -10
2026-03-24 18:40:30 [main] DEBUG org.example.service.TaskService - Buscando tarea con ID: -10
2026-03-24 18:40:30 [main] ERROR org.example.service.TaskService - No existe la tarea con ID: -10
2026-03-24 18:40:30 [main] DEBUG org.example.service.TaskService - Lista de tareas. Cantidad actual: 0
2026-03-24 18:40:30 [main] DEBUG org.example.service.TaskService - Intentando eliminar tarea con ID: 100
2026-03-24 18:40:30 [main] DEBUG org.example.service.TaskService - Buscando tarea con ID: 100
2026-03-24 18:40:30 [main] ERROR org.example.service.TaskService - No existe la tarea con ID: 100
2026-03-24 18:40:30 [main] DEBUG org.example.service.TaskService - Intentando crear tarea con título: null
2026-03-24 18:40:30 [main] WARN  org.example.service.TaskService - No se pudo crear la tarea porque el título está vacío.
2026-03-24 18:40:30 [main] DEBUG org.example.service.TaskService - Lista de tareas. Cantidad actual: 0
2026-03-24 18:40:30 [main] DEBUG org.example.service.TaskService - Intentando crear tarea con título: Enviar correo
2026-03-24 18:40:30 [main] INFO  org.example.service.TaskService - Tarea creada correctamente con ID: 1
2026-03-24 18:40:30 [main] DEBUG org.example.service.TaskService - Intentando completar tarea con ID: 1
2026-03-24 18:40:30 [main] DEBUG org.example.service.TaskService - Buscando tarea con ID: 1
2026-03-24 18:40:30 [main] INFO  org.example.service.TaskService - Tarea marcada como completada. ID: 1
2026-03-24 18:40:30 [main] DEBUG org.example.service.TaskService - Intentando completar tarea con ID: 1
2026-03-24 18:40:30 [main] DEBUG org.example.service.TaskService - Buscando tarea con ID: 1
2026-03-24 18:40:30 [main] WARN  org.example.service.TaskService - Se intentó completar una tarea ya completada. ID: 1
2026-03-24 18:40:30 [main] DEBUG org.example.service.TaskService - Buscando tarea con ID: 99
2026-03-24 18:40:30 [main] ERROR org.example.service.TaskService - No existe la tarea con ID: 99
2026-03-24 18:40:30 [main] DEBUG org.example.service.TaskService - Buscando tarea con ID: 0
2026-03-24 18:40:30 [main] ERROR org.example.service.TaskService - No existe la tarea con ID: 0
2026-03-24 18:40:30 [main] DEBUG org.example.service.TaskService - Intentando eliminar tarea con ID: -5
2026-03-24 18:40:30 [main] DEBUG org.example.service.TaskService - Buscando tarea con ID: -5
2026-03-24 18:40:30 [main] ERROR org.example.service.TaskService - No existe la tarea con ID: -5
2026-03-24 18:40:30 [main] DEBUG org.example.service.TaskService - Intentando crear tarea con título: Estudiar
2026-03-24 18:40:30 [main] INFO  org.example.service.TaskService - Tarea creada correctamente con ID: 1
2026-03-24 18:40:30 [main] DEBUG org.example.service.TaskService - Lista de tareas. Cantidad actual: 1
2026-03-24 18:40:30 [main] DEBUG org.example.service.TaskService - Buscando tarea con ID: -1
2026-03-24 18:40:30 [main] ERROR org.example.service.TaskService - No existe la tarea con ID: -1
2026-03-24 18:40:30 [main] DEBUG org.example.service.TaskService - Intentando crear tarea con título:    
2026-03-24 18:40:30 [main] WARN  org.example.service.TaskService - No se pudo crear la tarea porque el título está vacío.
2026-03-24 18:40:30 [main] DEBUG org.example.service.TaskService - Lista de tareas. Cantidad actual: 0
2026-03-24 18:40:30 [main] DEBUG org.example.service.TaskService - Intentando crear tarea con título: Hacer taller
2026-03-24 18:40:30 [main] INFO  org.example.service.TaskService - Tarea creada correctamente con ID: 1
2026-03-24 18:40:30 [main] DEBUG org.example.service.TaskService - Intentando crear tarea con título: Dormir
2026-03-24 18:40:30 [main] INFO  org.example.service.TaskService - Tarea creada correctamente con ID: 2
2026-03-24 18:40:30 [main] DEBUG org.example.service.TaskService - Buscando tarea con ID: 2
2026-03-24 18:40:30 [main] DEBUG org.example.service.TaskService - Intentando crear tarea con título: Tarea 1
2026-03-24 18:40:30 [main] INFO  org.example.service.TaskService - Tarea creada correctamente con ID: 1
2026-03-24 18:40:30 [main] DEBUG org.example.service.TaskService - Intentando crear tarea con título: Tarea 2
2026-03-24 18:40:30 [main] INFO  org.example.service.TaskService - Tarea creada correctamente con ID: 2
2026-03-24 18:40:30 [main] DEBUG org.example.service.TaskService - Intentando crear tarea con título: Tarea 3
2026-03-24 18:40:30 [main] INFO  org.example.service.TaskService - Tarea creada correctamente con ID: 3
2026-03-24 18:40:30 [main] DEBUG org.example.service.TaskService - Lista de tareas. Cantidad actual: 3
2026-03-24 18:40:30 [main] DEBUG org.example.service.TaskService - Intentando crear tarea con título: Tarea A
2026-03-24 18:40:30 [main] INFO  org.example.service.TaskService - Tarea creada correctamente con ID: 1
2026-03-24 18:40:30 [main] DEBUG org.example.service.TaskService - Intentando crear tarea con título: Tarea B
2026-03-24 18:40:30 [main] INFO  org.example.service.TaskService - Tarea creada correctamente con ID: 2
2026-03-24 18:40:30 [main] DEBUG org.example.service.TaskService - Intentando eliminar tarea con ID: 1
2026-03-24 18:40:30 [main] DEBUG org.example.service.TaskService - Buscando tarea con ID: 1
2026-03-24 18:40:30 [main] INFO  org.example.service.TaskService - Tarea eliminada correctamente. ID: 1
2026-03-24 18:40:30 [main] DEBUG org.example.service.TaskService - Lista de tareas. Cantidad actual: 1
2026-03-24 18:40:30 [main] DEBUG org.example.service.TaskService - Intentando eliminar tarea con ID: 0
2026-03-24 18:40:30 [main] DEBUG org.example.service.TaskService - Buscando tarea con ID: 0
2026-03-24 18:40:30 [main] ERROR org.example.service.TaskService - No existe la tarea con ID: 0
2026-03-24 18:42:34 [main] DEBUG org.example.service.TaskService - Intentando crear tarea con título: 1
2026-03-24 18:42:34 [main] INFO  org.example.service.TaskService - Tarea creada correctamente con ID: 1
2026-03-24 18:42:41 [main] DEBUG org.example.service.TaskService - Lista de tareas. Cantidad actual: 1
2026-03-24 18:42:49 [main] DEBUG org.example.service.TaskService - Intentando completar tarea con ID: 1
2026-03-24 18:42:49 [main] DEBUG org.example.service.TaskService - Buscando tarea con ID: 1
2026-03-24 18:42:49 [main] INFO  org.example.service.TaskService - Tarea marcada como completada. ID: 1
2026-03-24 18:42:52 [main] DEBUG org.example.service.TaskService - Intentando eliminar tarea con ID: 1
2026-03-24 18:42:52 [main] DEBUG org.example.service.TaskService - Buscando tarea con ID: 1
2026-03-24 18:42:52 [main] INFO  org.example.service.TaskService - Tarea eliminada correctamente. ID: 1
2026-03-24 18:50:16 [main] DEBUG org.example.service.TaskService - Intentando crear tarea con título: Estudiar
2026-03-24 18:50:16 [main] INFO  org.example.service.TaskService - Tarea creada correctamente con ID: 1
2026-03-24 18:50:16 [main] DEBUG org.example.service.TaskService - Lista de tareas. Cantidad actual: 1
2026-03-24 18:50:16 [main] DEBUG org.example.service.TaskService - Lista de tareas. Cantidad actual: 1
2026-03-24 18:50:16 [main] DEBUG org.example.service.TaskService - Intentando completar tarea con ID: 50
2026-03-24 18:50:16 [main] DEBUG org.example.service.TaskService - Buscando tarea con ID: 50
2026-03-24 18:50:16 [main] ERROR org.example.service.TaskService - No existe la tarea con ID: 50
2026-03-24 18:50:16 [main] DEBUG org.example.service.TaskService - Intentando crear tarea con título: Comprar
2026-03-24 18:50:16 [main] INFO  org.example.service.TaskService - Tarea creada correctamente con ID: 1
2026-03-24 18:50:16 [main] DEBUG org.example.service.TaskService - Lista de tareas. Cantidad actual: 1
2026-03-24 18:50:16 [main] DEBUG org.example.service.TaskService - Intentando crear tarea con título: Leer
2026-03-24 18:50:16 [main] INFO  org.example.service.TaskService - Tarea creada correctamente con ID: 1
2026-03-24 18:50:16 [main] DEBUG org.example.service.TaskService - Lista de tareas. Cantidad actual: 1
2026-03-24 18:50:16 [main] DEBUG org.example.service.TaskService - Intentando completar tarea con ID: 0
2026-03-24 18:50:16 [main] DEBUG org.example.service.TaskService - Buscando tarea con ID: 0
2026-03-24 18:50:16 [main] ERROR org.example.service.TaskService - No existe la tarea con ID: 0
2026-03-24 18:50:16 [main] DEBUG org.example.service.TaskService - Intentando crear tarea con título: Hacer ejercicio
2026-03-24 18:50:16 [main] INFO  org.example.service.TaskService - Tarea creada correctamente con ID: 1
2026-03-24 18:50:16 [main] DEBUG org.example.service.TaskService - Intentando completar tarea con ID: 1
2026-03-24 18:50:16 [main] DEBUG org.example.service.TaskService - Buscando tarea con ID: 1
2026-03-24 18:50:16 [main] INFO  org.example.service.TaskService - Tarea marcada como completada. ID: 1
2026-03-24 18:50:16 [main] DEBUG org.example.service.TaskService - Buscando tarea con ID: 1
2026-03-24 18:50:16 [main] DEBUG org.example.service.TaskService - Intentando crear tarea con título: 
2026-03-24 18:50:16 [main] WARN  org.example.service.TaskService - No se pudo crear la tarea porque el título está vacío.
2026-03-24 18:50:16 [main] DEBUG org.example.service.TaskService - Lista de tareas. Cantidad actual: 0
2026-03-24 18:50:16 [main] DEBUG org.example.service.TaskService - Intentando completar tarea con ID: -10
2026-03-24 18:50:16 [main] DEBUG org.example.service.TaskService - Buscando tarea con ID: -10
2026-03-24 18:50:16 [main] ERROR org.example.service.TaskService - No existe la tarea con ID: -10
2026-03-24 18:50:16 [main] DEBUG org.example.service.TaskService - Lista de tareas. Cantidad actual: 0
2026-03-24 18:50:16 [main] DEBUG org.example.service.TaskService - Intentando eliminar tarea con ID: 100
2026-03-24 18:50:16 [main] DEBUG org.example.service.TaskService - Buscando tarea con ID: 100
2026-03-24 18:50:16 [main] ERROR org.example.service.TaskService - No existe la tarea con ID: 100
2026-03-24 18:50:16 [main] DEBUG org.example.service.TaskService - Intentando crear tarea con título: null
2026-03-24 18:50:16 [main] WARN  org.example.service.TaskService - No se pudo crear la tarea porque el título está vacío.
2026-03-24 18:50:16 [main] DEBUG org.example.service.TaskService - Lista de tareas. Cantidad actual: 0
2026-03-24 18:50:16 [main] DEBUG org.example.service.TaskService - Intentando crear tarea con título: Enviar correo
2026-03-24 18:50:16 [main] INFO  org.example.service.TaskService - Tarea creada correctamente con ID: 1
2026-03-24 18:50:16 [main] DEBUG org.example.service.TaskService - Intentando completar tarea con ID: 1
2026-03-24 18:50:16 [main] DEBUG org.example.service.TaskService - Buscando tarea con ID: 1
2026-03-24 18:50:16 [main] INFO  org.example.service.TaskService - Tarea marcada como completada. ID: 1
2026-03-24 18:50:16 [main] DEBUG org.example.service.TaskService - Intentando completar tarea con ID: 1
2026-03-24 18:50:16 [main] DEBUG org.example.service.TaskService - Buscando tarea con ID: 1
2026-03-24 18:50:16 [main] WARN  org.example.service.TaskService - Se intentó completar una tarea ya completada. ID: 1
2026-03-24 18:50:16 [main] DEBUG org.example.service.TaskService - Buscando tarea con ID: 99
2026-03-24 18:50:16 [main] ERROR org.example.service.TaskService - No existe la tarea con ID: 99
2026-03-24 18:50:16 [main] DEBUG org.example.service.TaskService - Buscando tarea con ID: 0
2026-03-24 18:50:16 [main] ERROR org.example.service.TaskService - No existe la tarea con ID: 0
2026-03-24 18:50:16 [main] DEBUG org.example.service.TaskService - Intentando eliminar tarea con ID: -5
2026-03-24 18:50:16 [main] DEBUG org.example.service.TaskService - Buscando tarea con ID: -5
2026-03-24 18:50:16 [main] ERROR org.example.service.TaskService - No existe la tarea con ID: -5
2026-03-24 18:50:16 [main] DEBUG org.example.service.TaskService - Intentando crear tarea con título: Estudiar
2026-03-24 18:50:16 [main] INFO  org.example.service.TaskService - Tarea creada correctamente con ID: 1
2026-03-24 18:50:16 [main] DEBUG org.example.service.TaskService - Lista de tareas. Cantidad actual: 1
2026-03-24 18:50:16 [main] DEBUG org.example.service.TaskService - Buscando tarea con ID: -1
2026-03-24 18:50:16 [main] ERROR org.example.service.TaskService - No existe la tarea con ID: -1
2026-03-24 18:50:16 [main] DEBUG org.example.service.TaskService - Intentando crear tarea con título:    
2026-03-24 18:50:16 [main] WARN  org.example.service.TaskService - No se pudo crear la tarea porque el título está vacío.
2026-03-24 18:50:16 [main] DEBUG org.example.service.TaskService - Lista de tareas. Cantidad actual: 0
2026-03-24 18:50:16 [main] DEBUG org.example.service.TaskService - Intentando crear tarea con título: Hacer taller
2026-03-24 18:50:16 [main] INFO  org.example.service.TaskService - Tarea creada correctamente con ID: 1
2026-03-24 18:50:16 [main] DEBUG org.example.service.TaskService - Intentando crear tarea con título: Dormir
2026-03-24 18:50:16 [main] INFO  org.example.service.TaskService - Tarea creada correctamente con ID: 2
2026-03-24 18:50:16 [main] DEBUG org.example.service.TaskService - Buscando tarea con ID: 2
2026-03-24 18:50:16 [main] DEBUG org.example.service.TaskService - Intentando crear tarea con título: Tarea 1
2026-03-24 18:50:16 [main] INFO  org.example.service.TaskService - Tarea creada correctamente con ID: 1
2026-03-24 18:50:16 [main] DEBUG org.example.service.TaskService - Intentando crear tarea con título: Tarea 2
2026-03-24 18:50:16 [main] INFO  org.example.service.TaskService - Tarea creada correctamente con ID: 2
2026-03-24 18:50:16 [main] DEBUG org.example.service.TaskService - Intentando crear tarea con título: Tarea 3
2026-03-24 18:50:16 [main] INFO  org.example.service.TaskService - Tarea creada correctamente con ID: 3
2026-03-24 18:50:16 [main] DEBUG org.example.service.TaskService - Lista de tareas. Cantidad actual: 3
2026-03-24 18:50:16 [main] DEBUG org.example.service.TaskService - Intentando crear tarea con título: Tarea A
2026-03-24 18:50:16 [main] INFO  org.example.service.TaskService - Tarea creada correctamente con ID: 1
2026-03-24 18:50:16 [main] DEBUG org.example.service.TaskService - Intentando crear tarea con título: Tarea B
2026-03-24 18:50:16 [main] INFO  org.example.service.TaskService - Tarea creada correctamente con ID: 2
2026-03-24 18:50:16 [main] DEBUG org.example.service.TaskService - Intentando eliminar tarea con ID: 1
2026-03-24 18:50:16 [main] DEBUG org.example.service.TaskService - Buscando tarea con ID: 1
2026-03-24 18:50:16 [main] INFO  org.example.service.TaskService - Tarea eliminada correctamente. ID: 1
2026-03-24 18:50:16 [main] DEBUG org.example.service.TaskService - Lista de tareas. Cantidad actual: 1
2026-03-24 18:50:16 [main] DEBUG org.example.service.TaskService - Intentando eliminar tarea con ID: 0
2026-03-24 18:50:16 [main] DEBUG org.example.service.TaskService - Buscando tarea con ID: 0
2026-03-24 18:50:16 [main] ERROR org.example.service.TaskService - No existe la tarea con ID: 0
2026-03-24 18:54:46 [main] DEBUG org.example.service.TaskService - Intentando crear tarea con título: Proyecto gestor de tareas
2026-03-24 18:54:46 [main] INFO  org.example.service.TaskService - Tarea creada correctamente con ID: 1
2026-03-24 18:55:19 [main] DEBUG org.example.service.TaskService - Lista de tareas. Cantidad actual: 1
2026-03-24 18:56:00 [main] DEBUG org.example.service.TaskService - Intentando completar tarea con ID: 1
2026-03-24 18:56:00 [main] DEBUG org.example.service.TaskService - Buscando tarea con ID: 1
2026-03-24 18:56:00 [main] INFO  org.example.service.TaskService - Tarea marcada como completada. ID: 1
2026-03-24 18:56:35 [main] DEBUG org.example.service.TaskService - Lista de tareas. Cantidad actual: 1
2026-03-24 18:57:45 [main] DEBUG org.example.service.TaskService - Intentando eliminar tarea con ID: 1
2026-03-24 18:57:45 [main] DEBUG org.example.service.TaskService - Buscando tarea con ID: 1
2026-03-24 18:57:45 [main] INFO  org.example.service.TaskService - Tarea eliminada correctamente. ID: 1
2026-03-24 18:58:18 [main] DEBUG org.example.service.TaskService - Lista de tareas. Cantidad actual: 0
